// Vitest Snapshot v1, https://vitest.dev/guide/snapshot.html

exports[`ask screen snapshot > renders a successful assistant response 1`] = `
"decode ask — project assistant

┌────────────────────────────────────────────────────────────────────┐
│ Answer                                                             │
├────────────────────────────────────────────────────────────────────┤
│ DeCode is a Node.js CLI that auto-detects API routes and checks th │
└────────────────────────────────────────────────────────────────────┘


●  3 file(s) in context
●  12,000 char budget
"
`;

exports[`ask screen snapshot > renders the warning when no LLM is configured 1`] = `
"decode ask — project assistant

○  No LLM provider configured. Run \`decode init\` to connect your LLM provider.
Configure an LLM provider with \`decode init\` to enable the assistant.
"
`;
